=== ohpm install ===
[32minstall completed in 0s 79ms[39m
=== hvigorw assembleHap ===
> hvigor [32mFinished :entry:default@PreBuild... after 16 ms [39m
> hvigor [32mFinished :entry:default@CreateModuleInfo... after 1 ms [39m
> hvigor [32mUP-TO-DATE :entry:default@GenerateMetadata...  [39m
> hvigor [32mFinished :entry:default@ConfigureCmake... after 12 ms [39m
> hvigor [32mUP-TO-DATE :entry:default@MergeProfile...  [39m
> hvigor [32mUP-TO-DATE :entry:default@CreateBuildProfile...  [39m
> hvigor [32mFinished :entry:default@PreCheckSyscap... after 1 ms [39m
> hvigor [32mFinished :entry:default@ProcessIntegratedHsp... after 1 ms [39m
> hvigor [32mUP-TO-DATE :entry:default@MakePackInfo...  [39m
> hvigor [32mFinished :entry:default@SyscapTransform... after 5 ms [39m
> hvigor [33mWARN: CMake Error at CMakeLists.txt:11 (find_library):
  Could not find EGL-lib using the following names:


[39m
> hvigor [33mWARN: CMake Error at CMakeLists.txt:11 (find_library):
  Could not find EGL-lib using the following names:


[39m
> hvigor [91mERROR: Failed :entry:default@BuildNativeWithCmake... [39m
> hvigor [91mERROR: Exceptions happened while executing D:\DevEco Studio\sdk\default\openharmony\native\build-tools\cmake\bin\cmake.exe -HD:\DevEcoProjects\ColorOfToday\entry\src\main\cpp -BD:\DevEcoProjects\ColorOfToday\entry\.cxx\default\default\debug\arm64-v8a -DOHOS_ARCH=arm64-v8a -DCMAKE_LIBRARY_OUTPUT_DIRECTORY=D:\DevEcoProjects\ColorOfToday\entry\build\default\intermediates\cmake\default\obj\arm64-v8a -DCMAKE_BUILD_TYPE=Debug -DOHOS_SDK_NATIVE=D:\DevEco Studio\sdk\default\openharmony\native -DCMAKE_SYSTEM_NAME=OHOS -DCMAKE_OHOS_ARCH_ABI=arm64-v8a -DCMAKE_EXPORT_COMPILE_COMMANDS=ON -DCMAKE_TOOLCHAIN_FILE=D:\DevEco Studio\sdk\default\hms\native\build\cmake\hmos.toolchain.cmake -GNinja -DCMAKE_MAKE_PROGRAM=D:\DevEco Studio\sdk\default\openharmony\native\build-tools\cmake\bin\ninja.exe -DCMAKE_FIND_ROOT_PATH=D:\DevEcoProjects\ColorOfToday\entry\.cxx\default\default\debug\hvigor\arm64-v8a -DPACKAGE_FIND_FILE=D:\DevEcoProjects\ColorOfToday\entry\.cxx\default\default\debug\hvigor\arm64-v8a\summary.cmake --no-warn-unused-cli -DHMOS_SDK_NATIVE=D:\DevEco Studio\sdk\default\hms\native.
Not searching for unused variables given on the command line.
-- The C compiler identification is Clang 15.0.4
-- The CXX compiler identification is Clang 15.0.4
-- Detecting C compiler ABI info
-- Detecting C compiler ABI info - done
-- Check for working C compiler: D:/DevEco Studio/sdk/default/openharmony/native/llvm/bin/clang.exe - skipped
-- Detecting C compile features
-- Detecting C compile features - done
-- Detecting CXX compiler ABI info
-- Detecting CXX compiler ABI info - done
-- Check for working CXX compiler: D:/DevEco Studio/sdk/default/openharmony/native/llvm/bin/clang++.exe - skipped
-- Detecting CXX compile features
-- Detecting CXX compile features - done
CMake Error at CMakeLists.txt:11 (find_library):
  Could not find EGL-lib using the following names:


-- Configuring incomplete, errors occurred!
undefined

[31m* Try:
> Run with --stacktrace option to get the stack trace.
> Run with --debug option to get more log output.
[39m
> hvigor [91mERROR: BUILD FAILED in 16 s 122 ms [39m
=== BUILD FAILED ===
