=== ohpm install ===
[32minstall completed in 0s 85ms[39m
=== hvigorw assembleHap ===
> hvigor [32mUP-TO-DATE :entry:default@PreBuild...  [39m
> hvigor [32mFinished :entry:default@CreateModuleInfo... after 1 ms [39m
> hvigor [32mUP-TO-DATE :entry:default@GenerateMetadata...  [39m
> hvigor [32mFinished :entry:default@ConfigureCmake... after 3 ms [39m
> hvigor [32mUP-TO-DATE :entry:default@MergeProfile...  [39m
> hvigor [32mUP-TO-DATE :entry:default@CreateBuildProfile...  [39m
> hvigor [32mFinished :entry:default@PreCheckSyscap... after 1 ms [39m
> hvigor [32mFinished :entry:default@ProcessIntegratedHsp... after 1 ms [39m
> hvigor [32mUP-TO-DATE :entry:default@MakePackInfo...  [39m
> hvigor [32mFinished :entry:default@SyscapTransform... after 6 ms [39m
> hvigor [32mFinished :entry:default@BuildNativeWithCmake... after 6 s 782 ms [39m
> hvigor [32mFinished :entry:default@GeneratePkgContextInfo... after 29 ms [39m
> hvigor [32mUP-TO-DATE :entry:default@ProcessProfile...  [39m
> hvigor [32mFinished :entry:default@ProcessRouterMap... after 9 ms [39m
> hvigor [32mFinished :entry:default@ProcessShareConfig... after 5 ms [39m
> hvigor [32mFinished :entry:default@ProcessStartupConfig... after 3 ms [39m
> hvigor [32mUP-TO-DATE :entry:default@ProcessResource...  [39m
> hvigor [32mFinished :entry:default@GenerateLoaderJson... after 18 ms [39m
> hvigor [32mFinished :entry:default@CompileResource... after 1 s 228 ms [39m
> hvigor [32mFinished :entry:default@BuildJS... after 7 ms [39m
> hvigor [91mERROR: Failed :entry:default@BuildNativeWithNinja... [39m
> hvigor [91mERROR: Exceptions happened while executing D:\DevEco Studio\sdk\default\openharmony\native\build-tools\cmake\bin\ninja.exe -C D:\DevEcoProjects\ColorOfToday\entry\.cxx\default\default\debug\arm64-v8a.
[32mninja: Entering directory `D:\DevEcoProjects\ColorOfToday\entry\.cxx\default\default\debug\arm64-v8a'[32m[39m
[32m[1/4] Building CXX object CMakeFiles/entry.dir/egl_core.cpp.o[32m[39m
[31mFAILED: CMakeFiles/entry.dir/egl_core.cpp.o [31m[39m
[32mD:\DEVECO~1\sdk\default\OPENHA~1\native\llvm\bin\CLANG_~1.EXE --target=aarch64-linux-ohos --gcc-toolchain="D:/DevEco Studio/sdk/default/openharmony/native/llvm" --sysroot="D:/DevEco Studio/sdk/default/openharmony/native/sysroot" -Dentry_EXPORTS -I"D:/DevEco Studio/sdk/default/hms/native/sysroot/usr/include" -fdata-sections -ffunction-sections -funwind-tables -fstack-protector-strong -no-canonical-prefixes -fno-addrsig -Wa,--noexecstack -Wformat -Werror=format-security   -D__MUSL__ -O0 -g -fno-limit-debug-info  -std=gnu++17 -fPIC -MD -MT CMakeFiles/entry.dir/egl_core.cpp.o -MF CMakeFiles\entry.dir\egl_core.cpp.o.d -o CMakeFiles/entry.dir/egl_core.cpp.o -c D:/DevEcoProjects/ColorOfToday/entry/src/main/cpp/egl_core.cpp[32m[39m
[33mclang++: warning: argument unused during compilation: '--gcc-toolchain=D:/DevEco Studio/sdk/default/openharmony/native/llvm' [-Wunused-command-line-argument][33m[39m
[32mIn file included from D:/DevEcoProjects/ColorOfToday/entry/src/main/cpp/egl_core.cpp:3:[32m[39m
[31mD:/DevEco Studio/sdk/default/openharmony/native/sysroot/usr/include/native_window/external_window.h:76:29: error: typedef redefinition with different types ('struct NativeWindow' vs 'struct OHNativeWindow')[31m[39m
[31mtypedef struct NativeWindow OHNativeWindow;[31m[39m
[31m                            ^[31m[39m
[31mD:/DevEcoProjects/ColorOfToday/entry/src/main/cpp/include/egl_core.h:7:31: note: previous definition is here[31m[39m
[31mtypedef struct OHNativeWindow OHNativeWindow;[31m[39m
[31m                              ^[31m[39m
[33mD:/DevEcoProjects/ColorOfToday/entry/src/main/cpp/egl_core.cpp:20:26: warning: data argument not used by format string [-Wformat-extra-args][33m[39m
[33m[33m[39m
[33m    LOG("EGL %{d}.%{d}", major, minor);[33m[39m
[33m[33m[39m
[33m        ~~~~~~~~~~~~~~~  ^[33m[39m
[33m[33m[39m
[33mD:/DevEcoProjects/ColorOfToday/entry/src/main/cpp/egl_core.cpp:5:85: note: expanded from macro 'LOG'[33m[39m
[33m[33m[39m
[33m#define LOG(fmt, ...) OH_LOG_Print(LOG_APP, LOG_INFO, 0xC0DE, "ColorFilter", fmt, ##__VA_ARGS__)[33m[39m
[33m[33m[39m
[33m                                                                             ~~~    ^[33m[39m
[33m[33m[39m
[33m1 warning and 1 error generated.[33m[39m
[32m[32m[39m
[32m[2/4] Building CXX object CMakeFiles/entry.dir/gl_renderer.cpp.o[32m[39m
[31mFAILED: CMakeFiles/entry.dir/gl_renderer.cpp.o [31m[39m
[32mD:\DEVECO~1\sdk\default\OPENHA~1\native\llvm\bin\CLANG_~1.EXE --target=aarch64-linux-ohos --gcc-toolchain="D:/DevEco Studio/sdk/default/openharmony/native/llvm" --sysroot="D:/DevEco Studio/sdk/default/openharmony/native/sysroot" -Dentry_EXPORTS -I"D:/DevEco Studio/sdk/default/hms/native/sysroot/usr/include" -fdata-sections -ffunction-sections -funwind-tables -fstack-protector-strong -no-canonical-prefixes -fno-addrsig -Wa,--noexecstack -Wformat -Werror=format-security   -D__MUSL__ -O0 -g -fno-limit-debug-info  -std=gnu++17 -fPIC -MD -MT CMakeFiles/entry.dir/gl_renderer.cpp.o -MF CMakeFiles\entry.dir\gl_renderer.cpp.o.d -o CMakeFiles/entry.dir/gl_renderer.cpp.o -c D:/DevEcoProjects/ColorOfToday/entry/src/main/cpp/gl_renderer.cpp[32m[39m
[33mclang++: warning: argument unused during compilation: '--gcc-toolchain=D:/DevEco Studio/sdk/default/openharmony/native/llvm' [-Wunused-command-line-argument][33m[39m
[32m[32m[39m
[33mIn file included from D:/DevEcoProjects/ColorOfToday/entry/src/main/cpp/gl_renderer.cpp:1:[33m[39m
[31mD:/DevEcoProjects/ColorOfToday/entry/src/main/cpp/include/gl_renderer.h:3:10: fatal error: 'GLES3/gl3ext.h' file not found[31m[39m
[31m[31m[39m
[31m#include <GLES3/gl3ext.h>[31m[39m
[31m[31m[39m
[31m         ^~~~~~~~~~~~~~~~[31m[39m
[31m[31m[39m
[33m1 error generated.[33m[39m
[32m[32m[39m
[32m[3/4] Building CXX object CMakeFiles/entry.dir/napi_init.cpp.o[32m[39m
[31mFAILED: CMakeFiles/entry.dir/napi_init.cpp.o [31m[39m
[32mD:\DEVECO~1\sdk\default\OPENHA~1\native\llvm\bin\CLANG_~1.EXE --target=aarch64-linux-ohos --gcc-toolchain="D:/DevEco Studio/sdk/default/openharmony/native/llvm" --sysroot="D:/DevEco Studio/sdk/default/openharmony/native/sysroot" -Dentry_EXPORTS -I"D:/DevEco Studio/sdk/default/hms/native/sysroot/usr/include" -fdata-sections -ffunction-sections -funwind-tables -fstack-protector-strong -no-canonical-prefixes -fno-addrsig -Wa,--noexecstack -Wformat -Werror=format-security   -D__MUSL__ -O0 -g -fno-limit-debug-info  -std=gnu++17 -fPIC -MD -MT CMakeFiles/entry.dir/napi_init.cpp.o -MF CMakeFiles\entry.dir\napi_init.cpp.o.d -o CMakeFiles/entry.dir/napi_init.cpp.o -c D:/DevEcoProjects/ColorOfToday/entry/src/main/cpp/napi_init.cpp[32m[39m
[33mclang++: warning: argument unused during compilation: '--gcc-toolchain=D:/DevEco Studio/sdk/default/openharmony/native/llvm' [-Wunused-command-line-argument][33m[39m
[31mIn file included from D:/DevEcoProjects/ColorOfToday/entry/src/main/cpp/napi_init.cpp:13:[31m[39m
[32m[32m[39m
[31mD:/DevEcoProjects/ColorOfToday/entry/src/main/cpp/include/egl_core.h:7:16: error: typedef 'OHNativeWindow' cannot be referenced with a struct specifier[31m[39m
[31mtypedef struct OHNativeWindow OHNativeWindow;[31m[39m
[31m               ^[31m[39m
[31mD:/DevEco Studio/sdk/default/openharmony/native/sysroot/usr/include/native_window/external_window.h:76:29: note: declared here[31m[39m
[31mtypedef struct NativeWindow OHNativeWindow;[31m[39m
[31m                            ^[31m[39m
[31mIn file included from D:/DevEcoProjects/ColorOfToday/entry/src/main/cpp/napi_init.cpp:14:[31m[39m
[31mD:/DevEcoProjects/ColorOfToday/entry/src/main/cpp/include/gl_renderer.h:3:10: fatal error: 'GLES3/gl3ext.h' file not found[31m[39m
[31m[31m[39m
[31m#include <GLES3/gl3ext.h>[31m[39m
[31m[31m[39m
[31m         ^~~~~~~~~~~~~~~~[31m[39m
[31m[31m[39m
[33m2 errors generated.[33m[39m
[32m[32m[39m
[31mninja: build stopped: subcommand failed.[31m[39m
undefined

[31m* Try:
> Run with --stacktrace option to get the stack trace.
> Run with --debug option to get more log output.
[39m
> hvigor [91mERROR: BUILD FAILED in 11 s 414 ms [39m
=== BUILD FAILED ===
