=== ohpm install ===
[32minstall completed in 0s 94ms[39m
=== hvigorw assembleHap ===
> hvigor [32mUP-TO-DATE :entry:default@PreBuild...  [39m
> hvigor [32mFinished :entry:default@CreateModuleInfo... after 1 ms [39m
> hvigor [32mUP-TO-DATE :entry:default@GenerateMetadata...  [39m
> hvigor [32mFinished :entry:default@ConfigureCmake... after 2 ms [39m
> hvigor [32mUP-TO-DATE :entry:default@MergeProfile...  [39m
> hvigor [32mUP-TO-DATE :entry:default@CreateBuildProfile...  [39m
> hvigor [32mFinished :entry:default@PreCheckSyscap... after 1 ms [39m
> hvigor [32mFinished :entry:default@ProcessIntegratedHsp... after 1 ms [39m
> hvigor [32mFinished :entry:default@BuildNativeWithCmake... after 51 ms [39m
> hvigor [32mUP-TO-DATE :entry:default@MakePackInfo...  [39m
> hvigor [32mFinished :entry:default@SyscapTransform... after 6 ms [39m
> hvigor [32mUP-TO-DATE :entry:default@GeneratePkgContextInfo...  [39m
> hvigor [32mUP-TO-DATE :entry:default@ProcessProfile...  [39m
> hvigor [32mUP-TO-DATE :entry:default@ProcessRouterMap...  [39m
> hvigor [32mUP-TO-DATE :entry:default@ProcessShareConfig...  [39m
> hvigor [32mFinished :entry:default@ProcessStartupConfig... after 4 ms [39m
> hvigor [32mUP-TO-DATE :entry:default@ProcessResource...  [39m
> hvigor [32mUP-TO-DATE :entry:default@GenerateLoaderJson...  [39m
> hvigor [32mUP-TO-DATE :entry:default@CompileResource...  [39m
> hvigor [32mFinished :entry:default@BuildJS... after 7 ms [39m
> hvigor [91mERROR: Failed :entry:default@BuildNativeWithNinja... [39m
> hvigor [91mERROR: Exceptions happened while executing D:\DevEco Studio\sdk\default\openharmony\native\build-tools\cmake\bin\ninja.exe -C D:\DevEcoProjects\ColorOfToday\entry\.cxx\default\default\debug\x86_64.
[32mninja: Entering directory `D:\DevEcoProjects\ColorOfToday\entry\.cxx\default\default\debug\x86_64'[32m[39m
[32m[1/4] Building CXX object CMakeFiles/entry.dir/egl_core.cpp.o[32m[39m
[33mclang++: warning: argument unused during compilation: '--gcc-toolchain=D:/DevEco Studio/sdk/default/openharmony/native/llvm' [-Wunused-command-line-argument][33m[39m
[33mD:/DevEcoProjects/ColorOfToday/entry/src/main/cpp/egl_core.cpp:20:26: warning: data argument not used by format string [-Wformat-extra-args][33m[39m
[33m    LOG("EGL %{d}.%{d}", major, minor);[33m[39m
[33m        ~~~~~~~~~~~~~~~  ^[33m[39m
[33mD:/DevEcoProjects/ColorOfToday/entry/src/main/cpp/egl_core.cpp:5:85: note: expanded from macro 'LOG'[33m[39m
[33m#define LOG(fmt, ...) OH_LOG_Print(LOG_APP, LOG_INFO, 0xC0DE, "ColorFilter", fmt, ##__VA_ARGS__)[33m[39m
[33m[33m[39m
[33m                                                                             ~~~    ^[33m[39m
[33m[33m[39m
[33m1 warning generated.[33m[39m
[32m[32m[39m
[32m[2/4] Building CXX object CMakeFiles/entry.dir/napi_init.cpp.o[32m[39m
[31mFAILED: CMakeFiles/entry.dir/napi_init.cpp.o [31m[39m
[32mD:\DEVECO~1\sdk\default\OPENHA~1\native\llvm\bin\CLANG_~1.EXE --target=x86_64-linux-ohos --gcc-toolchain="D:/DevEco Studio/sdk/default/openharmony/native/llvm" --sysroot="D:/DevEco Studio/sdk/default/openharmony/native/sysroot" -Dentry_EXPORTS -I"D:/DevEco Studio/sdk/default/hms/native/sysroot/usr/include" -fdata-sections -ffunction-sections -funwind-tables -fstack-protector-strong -no-canonical-prefixes -fno-addrsig -Wa,--noexecstack -Wformat -Werror=format-security   -D__MUSL__ -O0 -g -fno-limit-debug-info  -std=gnu++17 -fPIC -MD -MT CMakeFiles/entry.dir/napi_init.cpp.o -MF CMakeFiles\entry.dir\napi_init.cpp.o.d -o CMakeFiles/entry.dir/napi_init.cpp.o -c D:/DevEcoProjects/ColorOfToday/entry/src/main/cpp/napi_init.cpp[32m[39m
[33mclang++: warning: argument unused during compilation: '--gcc-toolchain=D:/DevEco Studio/sdk/default/openharmony/native/llvm' [-Wunused-command-line-argument][33m[39m
[31mD:/DevEcoProjects/ColorOfToday/entry/src/main/cpp/napi_init.cpp:50:5: error: use of undeclared identifier 'OH_NativeWindow_NativeWindowGetSurfaceId'[31m[39m
[31m[31m[39m
[31m    OH_NativeWindow_NativeWindowGetSurfaceId(g_renderer.CameraWindow(), &cameraSurfaceId);[31m[39m
[31m[31m[39m
[31m    ^[31m[39m
[31m[31m[39m
[31mD:/DevEcoProjects/ColorOfToday/entry/src/main/cpp/napi_init.cpp:122:9: error: use of undeclared identifier 'OH_NativeWindow_NativeWindowGetSurfaceId'[31m[39m
[31m[31m[39m
[31m        OH_NativeWindow_NativeWindowGetSurfaceId(g_renderer.CameraWindow(), &sid);[31m[39m
[31m[31m[39m
[31m        ^[31m[39m
[31m[31m[39m
[33m2 errors generated.[33m[39m
[32m[32m[39m
[32m[3/4] Building CXX object CMakeFiles/entry.dir/gl_renderer.cpp.o[32m[39m
[31mFAILED: CMakeFiles/entry.dir/gl_renderer.cpp.o [31m[39m
[32mD:\DEVECO~1\sdk\default\OPENHA~1\native\llvm\bin\CLANG_~1.EXE --target=x86_64-linux-ohos --gcc-toolchain="D:/DevEco Studio/sdk/default/openharmony/native/llvm" --sysroot="D:/DevEco Studio/sdk/default/openharmony/native/sysroot" -Dentry_EXPORTS -I"D:/DevEco Studio/sdk/default/hms/native/sysroot/usr/include" -fdata-sections -ffunction-sections -funwind-tables -fstack-protector-strong -no-canonical-prefixes -fno-addrsig -Wa,--noexecstack -Wformat -Werror=format-security   -D__MUSL__ -O0 -g -fno-limit-debug-info  -std=gnu++17 -fPIC -MD -MT CMakeFiles/entry.dir/gl_renderer.cpp.o -MF CMakeFiles\entry.dir\gl_renderer.cpp.o.d -o CMakeFiles/entry.dir/gl_renderer.cpp.o -c D:/DevEcoProjects/ColorOfToday/entry/src/main/cpp/gl_renderer.cpp[32m[39m
[33mclang++: warning: argument unused during compilation: '--gcc-toolchain=D:/DevEco Studio/sdk/default/openharmony/native/llvm' [-Wunused-command-line-argument][33m[39m
[31mD:/DevEcoProjects/ColorOfToday/entry/src/main/cpp/gl_renderer.cpp:116:19: error: use of undeclared identifier 'GL_TEXTURE_EXTERNAL_OES'[31m[39m
[31m    glBindTexture(GL_TEXTURE_EXTERNAL_OES, oesTex_);[31m[39m
[31m                  ^[31m[39m
[31mD:/DevEcoProjects/ColorOfToday/entry/src/main/cpp/gl_renderer.cpp:117:21: error: use of undeclared identifier 'GL_TEXTURE_EXTERNAL_OES'[31m[39m
[31m    glTexParameteri(GL_TEXTURE_EXTERNAL_OES, GL_TEXTURE_MIN_FILTER, GL_LINEAR);[31m[39m
[31m                    ^[31m[39m
[31mD:/DevEcoProjects/ColorOfToday/entry/src/main/cpp/gl_renderer.cpp:118:21: error: use of undeclared identifier 'GL_TEXTURE_EXTERNAL_OES'[31m[39m
[31m    glTexParameteri(GL_TEXTURE_EXTERNAL_OES, GL_TEXTURE_MAG_FILTER, GL_LINEAR);[31m[39m
[31m                    ^[31m[39m
[31mD:/DevEcoProjects/ColorOfToday/entry/src/main/cpp/gl_renderer.cpp:119:21: error: use of undeclared identifier 'GL_TEXTURE_EXTERNAL_OES'[31m[39m
[31m    glTexParameteri(GL_TEXTURE_EXTERNAL_OES, GL_TEXTURE_WRAP_S, GL_CLAMP_TO_EDGE);[31m[39m
[31m                    ^[31m[39m
[31mD:/DevEcoProjects/ColorOfToday/entry/src/main/cpp/gl_renderer.cpp:120:21: error: use of undeclared identifier 'GL_TEXTURE_EXTERNAL_OES'[31m[39m
[31m    glTexParameteri(GL_TEXTURE_EXTERNAL_OES, GL_TEXTURE_WRAP_T, GL_CLAMP_TO_EDGE);[31m[39m
[31m                    ^[31m[39m
[31mD:/DevEcoProjects/ColorOfToday/entry/src/main/cpp/gl_renderer.cpp:122:45: error: use of undeclared identifier 'GL_TEXTURE_EXTERNAL_OES'[31m[39m
[31m    image_ = OH_NativeImage_Create(oesTex_, GL_TEXTURE_EXTERNAL_OES);[31m[39m
[31m                                            ^[31m[39m
[31mD:/DevEcoProjects/ColorOfToday/entry/src/main/cpp/gl_renderer.cpp:256:19: error: use of undeclared identifier 'GL_TEXTURE_EXTERNAL_OES'[31m[39m
[31m    glBindTexture(GL_TEXTURE_EXTERNAL_OES, oesTex_);[31m[39m
[31m[31m[39m
[31m                  ^[31m[39m
[31m[31m[39m
[33m7 errors generated.[33m[39m
[32m[32m[39m
[31mninja: build stopped: subcommand failed.[31m[39m
undefined

[31m* Try:
> Run with --stacktrace option to get the stack trace.
> Run with --debug option to get more log output.
[39m
> hvigor [91mERROR: BUILD FAILED in 4 s 838 ms [39m
=== BUILD FAILED ===
