=== ohpm install ===
[32minstall completed in 0s 127ms[39m
=== hvigorw assembleHap ===
> hvigor [32mhvigor client: Starting hvigor daemon.[39m
> hvigor [32mHvigor Daemon started in 1.93 s[39m
> hvigor [32mFinished :entry:default@PreBuild... after 210 ms [39m
> hvigor [32mFinished :entry:default@CreateModuleInfo... after 6 ms [39m
> hvigor [32mUP-TO-DATE :entry:default@GenerateMetadata...  [39m
> hvigor [32mFinished :entry:default@ConfigureCmake... after 9 ms [39m
> hvigor [32mUP-TO-DATE :entry:default@MergeProfile...  [39m
> hvigor [32mUP-TO-DATE :entry:default@CreateBuildProfile...  [39m
> hvigor [32mFinished :entry:default@PreCheckSyscap... after 1 ms [39m
> hvigor [32mFinished :entry:default@ProcessIntegratedHsp... after 2 ms [39m
> hvigor [32mFinished :entry:default@BuildNativeWithCmake... after 68 ms [39m
> hvigor [32mUP-TO-DATE :entry:default@MakePackInfo...  [39m
> hvigor [32mFinished :entry:default@SyscapTransform... after 21 ms [39m
> hvigor [32mUP-TO-DATE :entry:default@GeneratePkgContextInfo...  [39m
> hvigor [32mUP-TO-DATE :entry:default@ProcessProfile...  [39m
> hvigor [32mUP-TO-DATE :entry:default@ProcessRouterMap...  [39m
> hvigor [32mUP-TO-DATE :entry:default@ProcessShareConfig...  [39m
> hvigor [32mFinished :entry:default@ProcessStartupConfig... after 6 ms [39m
> hvigor [32mUP-TO-DATE :entry:default@ProcessResource...  [39m
> hvigor [32mUP-TO-DATE :entry:default@GenerateLoaderJson...  [39m
> hvigor [32mFinished :entry:default@CompileResource... after 925 ms [39m
> hvigor [32mFinished :entry:default@BuildJS... after 10 ms [39m
> hvigor [32mFinished :entry:default@BuildNativeWithNinja... after 420 ms [39m
> hvigor [32mUP-TO-DATE :entry:default@ProcessLibs...  [39m
> hvigor [32mUP-TO-DATE :entry:default@DoNativeStrip...  [39m
> hvigor [32mUP-TO-DATE :entry:default@CacheNativeLibs...  [39m
> hvigor [91mERROR: Failed :entry:default@CompileArkTS... [39m
> hvigor [33mWARN: 
[33m1 WARN: [33m[33mArkTS:WARN: For details about ArkTS syntax errors, see FAQs[39m[39m
[33m2 WARN: [33m[33mArkTS:WARN File: D:/DevEcoProjects/ColorOfToday/entry/src/main/ets/manager/DailyColorManager.ets:46:23
 Function may throw exceptions. Special handling is required.
[39m[39m
[33m3 WARN: [33m[33mArkTS:WARN File: D:/DevEcoProjects/ColorOfToday/entry/src/main/ets/manager/DailyColorManager.ets:49:29
 Function may throw exceptions. Special handling is required.
[39m[39m
[33m4 WARN: [33m[33mArkTS:WARN File: D:/DevEcoProjects/ColorOfToday/entry/src/main/ets/manager/DailyColorManager.ets:50:30
 Function may throw exceptions. Special handling is required.
[39m[39m
[33m5 WARN: [33m[33mArkTS:WARN File: D:/DevEcoProjects/ColorOfToday/entry/src/main/ets/manager/DailyColorManager.ets:58:13
 Function may throw exceptions. Special handling is required.
[39m[39m
[33m6 WARN: [33m[33mArkTS:WARN File: D:/DevEcoProjects/ColorOfToday/entry/src/main/ets/manager/DailyColorManager.ets:59:13
 Function may throw exceptions. Special handling is required.
[39m[39m
[33m7 WARN: [33m[33mArkTS:WARN File: D:/DevEcoProjects/ColorOfToday/entry/src/main/ets/manager/DailyColorManager.ets:60:13
 Function may throw exceptions. Special handling is required.
[39m[39m
[33m8 WARN: [33m[33mArkTS:WARN File: D:/DevEcoProjects/ColorOfToday/entry/src/main/ets/manager/DailyColorManager.ets:82:23
 Function may throw exceptions. Special handling is required.
[39m[39m
[33m9 WARN: [33m[33mArkTS:WARN File: D:/DevEcoProjects/ColorOfToday/entry/src/main/ets/manager/DailyColorManager.ets:84:25
 Function may throw exceptions. Special handling is required.
[39m[39m
[33m10 WARN: [33m[33mArkTS:WARN File: D:/DevEcoProjects/ColorOfToday/entry/src/main/ets/manager/DailyColorManager.ets:85:25
 Function may throw exceptions. Special handling is required.
[39m[39m
[33m11 WARN: [33m[33mArkTS:WARN File: D:/DevEcoProjects/ColorOfToday/entry/src/main/ets/manager/DailyColorManager.ets:86:25
 Function may throw exceptions. Special handling is required.
[39m[39m
[33m12 WARN: [33m[33mArkTS:WARN File: D:/DevEcoProjects/ColorOfToday/entry/src/main/ets/manager/DailyColorManager.ets:87:26
 Function may throw exceptions. Special handling is required.
[39m[39m
[33m13 WARN: [33m[33mArkTS:WARN File: D:/DevEcoProjects/ColorOfToday/entry/src/main/ets/manager/DailyColorManager.ets:88:27
 Function may throw exceptions. Special handling is required.
[39m[39m
[33m14 WARN: [33m[33mArkTS:WARN File: D:/DevEcoProjects/ColorOfToday/entry/src/main/ets/manager/DailyColorManager.ets:107:25
 Function may throw exceptions. Special handling is required.
[39m[39m
[33m15 WARN: [33m[33mArkTS:WARN File: D:/DevEcoProjects/ColorOfToday/entry/src/main/ets/manager/DailyColorManager.ets:110:11
 Function may throw exceptions. Special handling is required.
[39m[39m
[33m16 WARN: [33m[33mArkTS:WARN File: D:/DevEcoProjects/ColorOfToday/entry/src/main/ets/manager/DailyColorManager.ets:111:11
 Function may throw exceptions. Special handling is required.
[39m[39m
[33m17 WARN: [33m[33mArkTS:WARN File: D:/DevEcoProjects/ColorOfToday/entry/src/main/ets/manager/DailyColorManager.ets:112:11
 Function may throw exceptions. Special handling is required.
[39m[39m
[33m18 WARN: [33m[33mArkTS:WARN File: D:/DevEcoProjects/ColorOfToday/entry/src/main/ets/manager/DailyColorManager.ets:113:11
 Function may throw exceptions. Special handling is required.
[39m[39m
[33m19 WARN: [33m[33mArkTS:WARN File: D:/DevEcoProjects/ColorOfToday/entry/src/main/ets/manager/DailyColorManager.ets:114:11
 Function may throw exceptions. Special handling is required.
[39m[39m
[33m20 WARN: [33m[33mArkTS:WARN File: D:/DevEcoProjects/ColorOfToday/entry/src/main/ets/manager/DailyColorManager.ets:115:11
 Function may throw exceptions. Special handling is required.
[39m[39m
[33m21 WARN: [33m[33mArkTS:WARN File: D:/DevEcoProjects/ColorOfToday/entry/src/main/ets/manager/DailyColorManager.ets:116:11
 Function may throw exceptions. Special handling is required.
[39m[39m
[33m22 WARN: [33m[33mArkTS:WARN File: D:/DevEcoProjects/ColorOfToday/entry/src/main/ets/manager/DailyColorManager.ets:123:13
 Function may throw exceptions. Special handling is required.
[39m[39m
[33m23 WARN: [33m[33mArkTS:WARN File: D:/DevEcoProjects/ColorOfToday/entry/src/main/ets/manager/DailyColorManager.ets:124:13
 Function may throw exceptions. Special handling is required.
[39m[39m
[33m24 WARN: [33m[33mArkTS:WARN File: D:/DevEcoProjects/ColorOfToday/entry/src/main/ets/model/PhotoDao.ets:66:24
 Function may throw exceptions. Special handling is required.
[39m[39m
[33m25 WARN: [33m[33mArkTS:WARN File: D:/DevEcoProjects/ColorOfToday/entry/src/main/ets/model/PhotoDao.ets:67:11
 Function may throw exceptions. Special handling is required.
[39m[39m
[33m26 WARN: [33m[33mArkTS:WARN File: D:/DevEcoProjects/ColorOfToday/entry/src/main/ets/model/PhotoDao.ets:68:11
 Function may throw exceptions. Special handling is required.
[39m[39m
[33m27 WARN: [33m[33mArkTS:WARN File: D:/DevEcoProjects/ColorOfToday/entry/src/main/ets/model/PhotoDao.ets:69:11
 Function may throw exceptions. Special handling is required.
[39m[39m
[33m28 WARN: [33m[33mArkTS:WARN File: D:/DevEcoProjects/ColorOfToday/entry/src/main/ets/model/PhotoDao.ets:78:11
 Function may throw exceptions. Special handling is required.
[39m[39m
[33m29 WARN: [33m[33mArkTS:WARN File: D:/DevEcoProjects/ColorOfToday/entry/src/main/ets/model/PhotoDao.ets:91:29
 Function may throw exceptions. Special handling is required.
[39m[39m
[33m30 WARN: [33m[33mArkTS:WARN File: D:/DevEcoProjects/ColorOfToday/entry/src/main/ets/model/PhotoDao.ets:93:14
 Function may throw exceptions. Special handling is required.
[39m[39m
[33m31 WARN: [33m[33mArkTS:WARN File: D:/DevEcoProjects/ColorOfToday/entry/src/main/ets/model/PhotoDao.ets:94:17
 Function may throw exceptions. Special handling is required.
[39m[39m
[33m32 WARN: [33m[33mArkTS:WARN File: D:/DevEcoProjects/ColorOfToday/entry/src/main/ets/model/PhotoDao.ets:94:37
 Function may throw exceptions. Special handling is required.
[39m[39m
[33m33 WARN: [33m[33mArkTS:WARN File: D:/DevEcoProjects/ColorOfToday/entry/src/main/ets/model/PhotoDao.ets:95:11
 Function may throw exceptions. Special handling is required.
[39m[39m
[33m34 WARN: [33m[33mArkTS:WARN File: D:/DevEcoProjects/ColorOfToday/entry/src/main/ets/model/PhotoDao.ets:95:31
 Function may throw exceptions. Special handling is required.
[39m[39m
[33m35 WARN: [33m[33mArkTS:WARN File: D:/DevEcoProjects/ColorOfToday/entry/src/main/ets/model/PhotoDao.ets:98:7
 Function may throw exceptions. Special handling is required.
[39m[39m
[33m36 WARN: [33m[33mArkTS:WARN File: D:/DevEcoProjects/ColorOfToday/entry/src/main/ets/model/PhotoDao.ets:110:29
 Function may throw exceptions. Special handling is required.
[39m[39m
[33m37 WARN: [33m[33mArkTS:WARN File: D:/DevEcoProjects/ColorOfToday/entry/src/main/ets/model/PhotoDao.ets:113:14
 Function may throw exceptions. Special handling is required.
[39m[39m
[33m38 WARN: [33m[33mArkTS:WARN File: D:/DevEcoProjects/ColorOfToday/entry/src/main/ets/model/PhotoDao.ets:117:7
 Function may throw exceptions. Special handling is required.
[39m[39m
[33m39 WARN: [33m[33mArkTS:WARN File: D:/DevEcoProjects/ColorOfToday/entry/src/main/ets/model/PhotoDao.ets:137:12
 Function may throw exceptions. Special handling is required.
[39m[39m
[33m40 WARN: [33m[33mArkTS:WARN File: D:/DevEcoProjects/ColorOfToday/entry/src/main/ets/model/PhotoDao.ets:147:29
 Function may throw exceptions. Special handling is required.
[39m[39m
[33m41 WARN: [33m[33mArkTS:WARN File: D:/DevEcoProjects/ColorOfToday/entry/src/main/ets/model/PhotoDao.ets:150:14
 Function may throw exceptions. Special handling is required.
[39m[39m
[33m42 WARN: [33m[33mArkTS:WARN File: D:/DevEcoProjects/ColorOfToday/entry/src/main/ets/model/PhotoDao.ets:154:7
 Function may throw exceptions. Special handling is required.
[39m[39m
[33m43 WARN: [33m[33mArkTS:WARN File: D:/DevEcoProjects/ColorOfToday/entry/src/main/ets/model/PhotoDao.ets:166:29
 Function may throw exceptions. Special handling is required.
[39m[39m
[33m44 WARN: [33m[33mArkTS:WARN File: D:/DevEcoProjects/ColorOfToday/entry/src/main/ets/model/PhotoDao.ets:169:11
 Function may throw exceptions. Special handling is required.
[39m[39m
[33m45 WARN: [33m[33mArkTS:WARN File: D:/DevEcoProjects/ColorOfToday/entry/src/main/ets/model/PhotoDao.ets:173:7
 Function may throw exceptions. Special handling is required.
[39m[39m
[33m46 WARN: [33m[33mArkTS:WARN File: D:/DevEcoProjects/ColorOfToday/entry/src/main/ets/model/PhotoDao.ets:185:29
 Function may throw exceptions. Special handling is required.
[39m[39m
[33m47 WARN: [33m[33mArkTS:WARN File: D:/DevEcoProjects/ColorOfToday/entry/src/main/ets/model/PhotoDao.ets:187:5
 Function may throw exceptions. Special handling is required.
[39m[39m
[33m48 WARN: [33m[33mArkTS:WARN File: D:/DevEcoProjects/ColorOfToday/entry/src/main/ets/model/PhotoDao.ets:198:32
 Function may throw exceptions. Special handling is required.
[39m[39m
[33m49 WARN: [33m[33mArkTS:WARN File: D:/DevEcoProjects/ColorOfToday/entry/src/main/ets/model/PhotoDao.ets:204:11
 Function may throw exceptions. Special handling is required.
[39m[39m
[33m50 WARN: [33m[33mArkTS:WARN File: D:/DevEcoProjects/ColorOfToday/entry/src/main/ets/model/PhotoDao.ets:204:22
 Function may throw exceptions. Special handling is required.
[39m[39m
[33m51 WARN: [33m[33mArkTS:WARN File: D:/DevEcoProjects/ColorOfToday/entry/src/main/ets/model/PhotoDao.ets:205:12
 Function may throw exceptions. Special handling is required.
[39m[39m
[33m52 WARN: [33m[33mArkTS:WARN File: D:/DevEcoProjects/ColorOfToday/entry/src/main/ets/model/PhotoDao.ets:205:25
 Function may throw exceptions. Special handling is required.
[39m[39m
[33m53 WARN: [33m[33mArkTS:WARN File: D:/DevEcoProjects/ColorOfToday/entry/src/main/ets/model/PhotoDao.ets:206:18
 Function may throw exceptions. Special handling is required.
[39m[39m
[33m54 WARN: [33m[33mArkTS:WARN File: D:/DevEcoProjects/ColorOfToday/entry/src/main/ets/model/PhotoDao.ets:206:31
 Function may throw exceptions. Special handling is required.
[39m[39m
[33m55 WARN: [33m[33mArkTS:WARN File: D:/DevEcoProjects/ColorOfToday/entry/src/main/ets/model/PhotoDao.ets:207:16
 Function may throw exceptions. Special handling is required.
[39m[39m
[33m56 WARN: [33m[33mArkTS:WARN File: D:/DevEcoProjects/ColorOfToday/entry/src/main/ets/model/PhotoDao.ets:207:29
 Function may throw exceptions. Special handling is required.
[39m[39m
[33m57 WARN: [33m[33mArkTS:WARN File: D:/DevEcoProjects/ColorOfToday/entry/src/main/ets/model/PhotoDao.ets:208:18
 Function may throw exceptions. Special handling is required.
[39m[39m
[33m58 WARN: [33m[33mArkTS:WARN File: D:/DevEcoProjects/ColorOfToday/entry/src/main/ets/model/PhotoDao.ets:208:31
 Function may throw exceptions. Special handling is required.
[39m[39m
[33m59 WARN: [33m[33mArkTS:WARN File: D:/DevEcoProjects/ColorOfToday/entry/src/main/ets/model/PhotoDao.ets:209:17
 Function may throw exceptions. Special handling is required.
[39m[39m
[33m60 WARN: [33m[33mArkTS:WARN File: D:/DevEcoProjects/ColorOfToday/entry/src/main/ets/model/PhotoDao.ets:209:30
 Function may throw exceptions. Special handling is required.
[39m[39m
[33m61 WARN: [33m[33mArkTS:WARN File: D:/DevEcoProjects/ColorOfToday/entry/src/main/ets/model/PhotoDao.ets:210:14
 Function may throw exceptions. Special handling is required.
[39m[39m
[33m62 WARN: [33m[33mArkTS:WARN File: D:/DevEcoProjects/ColorOfToday/entry/src/main/ets/model/PhotoDao.ets:210:25
 Function may throw exceptions. Special handling is required.
[39m[39m
[33m63 WARN: [33m[33mArkTS:WARN File: D:/DevEcoProjects/ColorOfToday/entry/src/main/ets/model/PhotoDao.ets:211:15
 Function may throw exceptions. Special handling is required.
[39m[39m
[33m64 WARN: [33m[33mArkTS:WARN File: D:/DevEcoProjects/ColorOfToday/entry/src/main/ets/model/PhotoDao.ets:211:26
 Function may throw exceptions. Special handling is required.
[39m[39m
[33m65 WARN: [33m[33mArkTS:WARN File: D:/DevEcoProjects/ColorOfToday/entry/src/main/ets/model/PhotoDao.ets:212:18
 Function may throw exceptions. Special handling is required.
[39m[39m
[33m66 WARN: [33m[33mArkTS:WARN File: D:/DevEcoProjects/ColorOfToday/entry/src/main/ets/model/PhotoDao.ets:212:29
 Function may throw exceptions. Special handling is required.
[39m[39m
[33m67 WARN: [33m[33mArkTS:WARN File: D:/DevEcoProjects/ColorOfToday/entry/src/main/ets/service/CameraService.ets:23:26
 Function may throw exceptions. Special handling is required.
[39m[39m
[33m68 WARN: [33m[33mArkTS:WARN File: D:/DevEcoProjects/ColorOfToday/entry/src/main/ets/service/CameraService.ets:101:40
 'getSupportedOutputCapability' has been deprecated.
[39m[39m
[33m69 WARN: [33m[33mArkTS:WARN File: D:/DevEcoProjects/ColorOfToday/entry/src/main/ets/service/CameraService.ets:122:36
 'createCaptureSession' has been deprecated.
[39m[39m
[33m70 WARN: [33m[33mArkTS:WARN File: D:/DevEcoProjects/ColorOfToday/entry/src/main/ets/service/CameraService.ets:123:20
 'beginConfig' has been deprecated.
[39m[39m
[33m71 WARN: [33m[33mArkTS:WARN File: D:/DevEcoProjects/ColorOfToday/entry/src/main/ets/service/CameraService.ets:124:20
 'addInput' has been deprecated.
[39m[39m
[33m72 WARN: [33m[33mArkTS:WARN File: D:/DevEcoProjects/ColorOfToday/entry/src/main/ets/service/CameraService.ets:125:20
 'addOutput' has been deprecated.
[39m[39m
[33m73 WARN: [33m[33mArkTS:WARN File: D:/DevEcoProjects/ColorOfToday/entry/src/main/ets/service/CameraService.ets:126:26
 'commitConfig' has been deprecated.
[39m[39m
[33m74 WARN: [33m[33mArkTS:WARN File: D:/DevEcoProjects/ColorOfToday/entry/src/main/ets/service/CameraService.ets:127:26
 'start' has been deprecated.
[39m[39m
[33m75 WARN: [33m[33mArkTS:WARN File: D:/DevEcoProjects/ColorOfToday/entry/src/main/ets/service/CameraService.ets:144:20
 'setFocusMode' has been deprecated.
[39m[39m
[33m76 WARN: [33m[33mArkTS:WARN File: D:/DevEcoProjects/ColorOfToday/entry/src/main/ets/service/CameraService.ets:145:20
 'setFocusPoint' has been deprecated.
[39m[39m
[33m77 WARN: [33m[33mArkTS:WARN File: D:/DevEcoProjects/ColorOfToday/entry/src/main/ets/service/CameraService.ets:157:27
 'getZoomRatioRange' has been deprecated.
[39m[39m
[33m78 WARN: [33m[33mArkTS:WARN File: D:/DevEcoProjects/ColorOfToday/entry/src/main/ets/service/CameraService.ets:169:34
 'getZoomRatioRange' has been deprecated.
[39m[39m
[33m79 WARN: [33m[33mArkTS:WARN File: D:/DevEcoProjects/ColorOfToday/entry/src/main/ets/service/CameraService.ets:171:20
 'setZoomRatio' has been deprecated.
[39m[39m
[33m80 WARN: [33m[33mArkTS:WARN File: D:/DevEcoProjects/ColorOfToday/entry/src/main/ets/service/CameraService.ets:180:28
 'stop' has been deprecated.
[39m[39m
[33m81 WARN: [33m[33mArkTS:WARN File: D:/DevEcoProjects/ColorOfToday/entry/src/main/ets/service/CameraService.ets:183:28
 'release' has been deprecated.
[39m[39m
[33m82 WARN: [33m[33mArkTS:WARN File: D:/DevEcoProjects/ColorOfToday/entry/src/main/ets/service/CaptureService.ets:24:32
 To use this API, you need to apply for the permissions: ohos.permission.WRITE_IMAGEVIDEO
[39m[39m
[33m83 WARN: [33m[33mArkTS:WARN File: D:/DevEcoProjects/ColorOfToday/entry/src/main/ets/pages/Index.ets:71:21
 'getContext' has been deprecated.
[39m[39m
[33m84 WARN: [33m[33mArkTS:WARN File: D:/DevEcoProjects/ColorOfToday/entry/src/main/ets/pages/Index.ets:91:21
 'getContext' has been deprecated.
[39m[39m
[33m85 WARN: [33m[33mArkTS:WARN File: D:/DevEcoProjects/ColorOfToday/entry/src/main/ets/pages/Index.ets:148:21
 'getContext' has been deprecated.
[39m[39m
[33m86 WARN: [33m[33mArkTS:WARN File: D:/DevEcoProjects/ColorOfToday/entry/src/main/ets/pages/Index.ets:152:7
 Function may throw exceptions. Special handling is required.
[39m[39m
[33m87 WARN: [33m[33mArkTS:WARN File: D:/DevEcoProjects/ColorOfToday/entry/src/main/ets/pages/Index.ets:152:20
 'showToast' has been deprecated.
[39m[39m
[33m88 WARN: [33m[33mArkTS:WARN File: D:/DevEcoProjects/ColorOfToday/entry/src/main/ets/pages/Index.ets:161:22
 'px2vp' has been deprecated.
[39m[39m
[33m89 WARN: [33m[33mArkTS:WARN File: D:/DevEcoProjects/ColorOfToday/entry/src/main/ets/pages/Index.ets:161:28
 Function may throw exceptions. Special handling is required.
[39m[39m
[33m90 WARN: [33m[33mArkTS:WARN File: D:/DevEcoProjects/ColorOfToday/entry/src/main/ets/pages/Index.ets:162:22
 'px2vp' has been deprecated.
[39m[39m
[33m91 WARN: [33m[33mArkTS:WARN File: D:/DevEcoProjects/ColorOfToday/entry/src/main/ets/pages/Index.ets:162:28
 Function may throw exceptions. Special handling is required.
[39m[39m
[33m92 WARN: [33m[33mArkTS:WARN File: D:/DevEcoProjects/ColorOfToday/entry/src/main/ets/pages/Index.ets:190:7
 Function may throw exceptions. Special handling is required.
[39m[39m
[33m93 WARN: [33m[33mArkTS:WARN File: D:/DevEcoProjects/ColorOfToday/entry/src/main/ets/pages/Index.ets:190:20
 'showToast' has been deprecated.
[39m[39m
[33m94 WARN: [33m[33mArkTS:WARN File: D:/DevEcoProjects/ColorOfToday/entry/src/main/ets/pages/Index.ets:195:7
 Function may throw exceptions. Special handling is required.
[39m[39m
[33m95 WARN: [33m[33mArkTS:WARN File: D:/DevEcoProjects/ColorOfToday/entry/src/main/ets/pages/Index.ets:197:7
 'animateTo' has been deprecated.
[39m[39m
[33m96 WARN: [33m[33mArkTS:WARN File: D:/DevEcoProjects/ColorOfToday/entry/src/main/ets/pages/Index.ets:203:9
 Function may throw exceptions. Special handling is required.
[39m[39m
[33m97 WARN: [33m[33mArkTS:WARN File: D:/DevEcoProjects/ColorOfToday/entry/src/main/ets/pages/Index.ets:203:22
 'showToast' has been deprecated.
[39m[39m
[33m98 WARN: [33m[33mArkTS:WARN File: D:/DevEcoProjects/ColorOfToday/entry/src/main/ets/pages/Index.ets:216:26
 Function may throw exceptions. Special handling is required.
[39m[39m
[33m99 WARN: [33m[33mArkTS:WARN File: D:/DevEcoProjects/ColorOfToday/entry/src/main/ets/pages/Index.ets:216:44
 'get' has been deprecated.
[39m[39m
[33m100 WARN: [33m[33mArkTS:WARN File: D:/DevEcoProjects/ColorOfToday/entry/src/main/ets/pages/Index.ets:218:23
 'getContext' has been deprecated.
[39m[39m
[33m101 WARN: [33m[33mArkTS:WARN File: D:/DevEcoProjects/ColorOfToday/entry/src/main/ets/pages/Index.ets:221:9
 Function may throw exceptions. Special handling is required.
[39m[39m
[33m102 WARN: [33m[33mArkTS:WARN File: D:/DevEcoProjects/ColorOfToday/entry/src/main/ets/pages/Index.ets:221:22
 'showToast' has been deprecated.
[39m[39m
[33m103 WARN: [33m[33mArkTS:WARN File: D:/DevEcoProjects/ColorOfToday/entry/src/main/ets/pages/Index.ets:238:21
 'getContext' has been deprecated.
[39m[39m
[33m104 WARN: [33m[33mArkTS:WARN File: D:/DevEcoProjects/ColorOfToday/entry/src/main/ets/pages/Index.ets:241:7
 Function may throw exceptions. Special handling is required.
[39m[39m
[33m105 WARN: [33m[33mArkTS:WARN File: D:/DevEcoProjects/ColorOfToday/entry/src/main/ets/pages/Index.ets:241:20
 'showToast' has been deprecated.
[39m[39m
[33m106 WARN: [33m[33mArkTS:WARN File: D:/DevEcoProjects/ColorOfToday/entry/src/main/ets/pages/Index.ets:243:7
 Function may throw exceptions. Special handling is required.
[39m[39m
[33m107 WARN: [33m[33mArkTS:WARN File: D:/DevEcoProjects/ColorOfToday/entry/src/main/ets/pages/Index.ets:243:20
 'showToast' has been deprecated.
[39m[39m
[33m108 WARN: [33m[33mArkTS:WARN File: D:/DevEcoProjects/ColorOfToday/entry/src/main/ets/pages/Index.ets:262:21
 'getContext' has been deprecated.
[39m[39m
[33m109 WARN: [33m[33mArkTS:WARN File: D:/DevEcoProjects/ColorOfToday/entry/src/main/ets/pages/Index.ets:264:5
 Function may throw exceptions. Special handling is required.
[39m[39m
[33m110 WARN: [33m[33mArkTS:WARN File: D:/DevEcoProjects/ColorOfToday/entry/src/main/ets/pages/Index.ets:264:18
 'showToast' has been deprecated.
[39m[39m
[33m111 WARN: [33m[33mArkTS:WARN File: D:/DevEcoProjects/ColorOfToday/entry/src/main/ets/pages/Index.ets:269:21
 'getContext' has been deprecated.
[39m[39m
[33m112 WARN: [33m[33mArkTS:WARN File: D:/DevEcoProjects/ColorOfToday/entry/src/main/ets/pages/Index.ets:272:5
 Function may throw exceptions. Special handling is required.
[39m[39m
[33m113 WARN: [33m[33mArkTS:WARN File: D:/DevEcoProjects/ColorOfToday/entry/src/main/ets/pages/Index.ets:272:18
 'showToast' has been deprecated.
[39m[39m
[33m114 WARN: [33m[33mArkTS:WARN File: D:/DevEcoProjects/ColorOfToday/entry/src/main/ets/pages/Index.ets:454:24
 'pushUrl' has been deprecated.
[39m[39m
[33m115 WARN: [33m[33mArkTS:WARN File: D:/DevEcoProjects/ColorOfToday/entry/src/main/ets/pages/Index.ets:464:24
 'pushUrl' has been deprecated.
[39m[39m
[33m116 WARN: [33m[33mArkTS:WARN File: D:/DevEcoProjects/ColorOfToday/entry/src/main/ets/pages/Index.ets:595:32
 'showToast' has been deprecated.
[39m[39m
[33m117 WARN: [33m[33mArkTS:WARN File: D:/DevEcoProjects/ColorOfToday/entry/src/main/ets/pages/Gallery.ets:36:5
 Function may throw exceptions. Special handling is required.
[39m[39m
[33m118 WARN: [33m[33mArkTS:WARN File: D:/DevEcoProjects/ColorOfToday/entry/src/main/ets/pages/Gallery.ets:36:18
 'showToast' has been deprecated.
[39m[39m
[33m119 WARN: [33m[33mArkTS:WARN File: D:/DevEcoProjects/ColorOfToday/entry/src/main/ets/pages/Gallery.ets:52:22
 'back' has been deprecated.
[39m[39m
[33m120 WARN: [33m[33mArkTS:WARN File: D:/DevEcoProjects/ColorOfToday/entry/src/main/ets/pages/Gallery.ets:80:20
 'pushUrl' has been deprecated.
[39m[39m
[33m121 WARN: [33m[33mArkTS:WARN File: D:/DevEcoProjects/ColorOfToday/entry/src/main/ets/pages/TimePalette.ets:94:23
 'getContext' has been deprecated.
[39m[39m
[33m122 WARN: [33m[33mArkTS:WARN File: D:/DevEcoProjects/ColorOfToday/entry/src/main/ets/pages/TimePalette.ets:186:7
 Function may throw exceptions. Special handling is required.
[39m[39m
[33m123 WARN: [33m[33mArkTS:WARN File: D:/DevEcoProjects/ColorOfToday/entry/src/main/ets/pages/TimePalette.ets:186:20
 'showToast' has been deprecated.
[39m[39m
[33m124 WARN: [33m[33mArkTS:WARN File: D:/DevEcoProjects/ColorOfToday/entry/src/main/ets/pages/TimePalette.ets:197:23
 'getContext' has been deprecated.
[39m[39m
[33m125 WARN: [33m[33mArkTS:WARN File: D:/DevEcoProjects/ColorOfToday/entry/src/main/ets/pages/TimePalette.ets:214:22
 'showToast' has been deprecated.
[39m[39m
[33m126 WARN: [33m[33mArkTS:WARN File: D:/DevEcoProjects/ColorOfToday/entry/src/main/ets/pages/TimePalette.ets:216:22
 'showToast' has been deprecated.
[39m[39m
[33m127 WARN: [33m[33mArkTS:WARN File: D:/DevEcoProjects/ColorOfToday/entry/src/main/ets/pages/TimePalette.ets:219:7
 Function may throw exceptions. Special handling is required.
[39m[39m
[33m128 WARN: [33m[33mArkTS:WARN File: D:/DevEcoProjects/ColorOfToday/entry/src/main/ets/pages/TimePalette.ets:219:20
 'showToast' has been deprecated.
[39m[39m
[33m129 WARN: [33m[33mArkTS:WARN File: D:/DevEcoProjects/ColorOfToday/entry/src/main/ets/pages/TimePalette.ets:241:22
 'back' has been deprecated.
[39m[39m
[33m130 WARN: [33m[33mArkTS:WARN File: D:/DevEcoProjects/ColorOfToday/entry/src/main/ets/pages/TimePalette.ets:443:34
 'showToast' has been deprecated.
[39m[39m[39m
> hvigor [91mERROR: ArkTS Compiler Error
[31m1 ERROR: [31m10605008 ArkTS Compiler Error
Error Message: Use explicit types instead of "any", "unknown" (arkts-no-any-unknown) At File: D:/DevEcoProjects/ColorOfToday/entry/src/main/ets/utils/CanvasExporter.ets:34:9
[39m
[39m
[31m2 ERROR: [31m10605008 ArkTS Compiler Error
Error Message: Use explicit types instead of "any", "unknown" (arkts-no-any-unknown) At File: D:/DevEcoProjects/ColorOfToday/entry/src/main/ets/utils/CanvasExporter.ets:36:9
[39m
[39m
[31m3 ERROR: [31m10605008 ArkTS Compiler Error
Error Message: Use explicit types instead of "any", "unknown" (arkts-no-any-unknown) At File: D:/DevEcoProjects/ColorOfToday/entry/src/main/ets/utils/CanvasExporter.ets:37:9
[39m
[39m
[31m4 ERROR: [31m10605008 ArkTS Compiler Error
Error Message: Use explicit types instead of "any", "unknown" (arkts-no-any-unknown) At File: D:/DevEcoProjects/ColorOfToday/entry/src/main/ets/utils/CanvasExporter.ets:50:9
[39m
[39m
[31m5 ERROR: [31m10605008 ArkTS Compiler Error
Error Message: Use explicit types instead of "any", "unknown" (arkts-no-any-unknown) At File: D:/DevEcoProjects/ColorOfToday/entry/src/main/ets/utils/CanvasExporter.ets:80:13
[39m
[39m
[31m6 ERROR: [31m10605008 ArkTS Compiler Error
Error Message: Use explicit types instead of "any", "unknown" (arkts-no-any-unknown) At File: D:/DevEcoProjects/ColorOfToday/entry/src/main/ets/utils/CanvasExporter.ets:92:11
[39m
[39m
[31m7 ERROR: [31m10505001 ArkTS Compiler Error
Error Message: Module '"@ohos.graphics.drawing"' has no exported member 'drawing'. Did you mean to use 'import drawing from "@ohos.graphics.drawing"' instead? At File: D:/DevEcoProjects/ColorOfToday/entry/src/main/ets/utils/CanvasExporter.ets:2:10
[39m
[39m
[31m8 ERROR: [31m10505001 ArkTS Compiler Error
Error Message: Module '"@ohos.graphics.common2D"' has no exported member 'common2D'. Did you mean to use 'import common2D from "@ohos.graphics.common2D"' instead? At File: D:/DevEcoProjects/ColorOfToday/entry/src/main/ets/utils/CanvasExporter.ets:3:10
[39m
[39m
[31m9 ERROR: [31m10505001 ArkTS Compiler Error
Error Message: Property 'dayPhotos' does not exist on type 'TimePalette'. At File: D:/DevEcoProjects/ColorOfToday/entry/src/main/ets/pages/TimePalette.ets:143:12
[39m
[39m
[31m10 ERROR: [31m10505001 ArkTS Compiler Error
Error Message: Property 'dayPhotos' does not exist on type 'TimePalette'. At File: D:/DevEcoProjects/ColorOfToday/entry/src/main/ets/pages/TimePalette.ets:159:10
[39m
[39m
[31m11 ERROR: [31m10505001 ArkTS Compiler Error
Error Message: Property 'dayPhotos' does not exist on type 'TimePalette'. At File: D:/DevEcoProjects/ColorOfToday/entry/src/main/ets/pages/TimePalette.ets:169:33
[39m
[39m
[31m12 ERROR: [31m10505001 ArkTS Compiler Error
Error Message: Property 'dayPhotos' does not exist on type 'TimePalette'. At File: D:/DevEcoProjects/ColorOfToday/entry/src/main/ets/pages/TimePalette.ets:380:51
[39m
[39m
[31m13 ERROR: [31m10505001 ArkTS Compiler Error
Error Message: Property 'dayPhotos' does not exist on type 'TimePalette'. At File: D:/DevEcoProjects/ColorOfToday/entry/src/main/ets/pages/TimePalette.ets:387:36
[39m
[39m
[31mCOMPILE RESULT:FAIL {ERROR:14 WARN:130}[39m

[31m* Try:
> Run with --stacktrace option to get the stack trace.
> Run with --debug option to get more log output.
[39m
> hvigor [91mERROR: BUILD FAILED in 26 s 345 ms [39m
=== BUILD FAILED ===
